
> vite-react-typescript-starter@0.0.0 build
> vite build

[36mvite v5.4.21 [32mbuilding for production...[36m[39m
transforming...
[32mÔ£ô[39m 2283 modules transformed.
rendering chunks...
computing gzip size...
[2mdist/[22m[32mindex.html                          [39m[1m[2m    0.48 kB[22m[1m[22m[2m Ôöé gzip:   0.31 kB[22m
[2mdist/[22m[35massets/index-CeJQsLWJ.css           [39m[1m[2m  113.65 kB[22m[1m[22m[2m Ôöé gzip:  17.15 kB[22m
[2mdist/[22m[36massets/purify.es-BgtpMKW3.js        [39m[1m[2m   22.77 kB[22m[1m[22m[2m Ôöé gzip:   8.79 kB[22m
[2mdist/[22m[36massets/index.es-BDAxMRZ8.js         [39m[1m[2m  150.47 kB[22m[1m[22m[2m Ôöé gzip:  51.44 kB[22m
[2mdist/[22m[36massets/html2canvas.esm-CBrSDip1.js  [39m[1m[2m  201.42 kB[22m[1m[22m[2m Ôöé gzip:  48.03 kB[22m
[2mdist/[22m[36massets/index-5oYxIm00.js            [39m[1m[33m1,375.93 kB[39m[22m[2m Ôöé gzip: 378.10 kB[22m
node.exe : [33m
At line:1 char:1
+ & "C:\Program Files\nodejs/node.exe" "C:\Program Files\nodejs/node_mo ...
+ ~~~~~~~~~~~~~~~~~~~~~~~~~~~~~~~~~~~~~~~~~~~~~~~~~~~~~~~~~~~~~~~~~~~~~
    + CategoryInfo          : NotSpecified: ([33m:String) [], RemoteException
    + FullyQualifiedErrorId : NativeCommandError
 
(!) Some chunks are larger than 500 kB after minification. Consider:
- Using dynamic import() to code-split the application
- Use build.rollupOptions.output.manualChunks to improve chunking: 
https://rollupjs.org/configuration-options/#output-manualchunks
- Adjust chunk size limit for this warning via build.chunkSizeWarningLimit.[39m
[32mÔ£ô built in 20.66s[39m
